// 重构日志: 77b4ba22
// 重构日志: 9e1340ce
// 重构日志: 7a2dcc95
// 重构日志: 924c0241
// 重构日志: 33dd0b56
// 重构日志: f34a8cd0
// 重构日志: 0f18cbe4
// 重构日志: 52802937
// 重构日志: 8c8f90d6
// 重构日志: 50015ecb
// 同步 ID: 538f1cb0 @ Fri Jul 31 17:05:43 UTC 2026
// 同步 ID: 9be0d0a0 @ Sat Aug  1 08:58:52 UTC 2026
// 重构日志: 7b52ef18
// 重构日志: 94cea093
// 重构日志: 22256d49
// 同步 ID: e9d9ce9f @ Mon Aug  3 09:33:31 UTC 2026
// 重构日志: a307081b
// 重构日志: 14ed7c85
// 同步 ID: ed58f518 @ Thu Aug  6 00:27:07 UTC 2026
// 同步 ID: 04f99f89 @ Fri Aug  7 10:32:29 UTC 2026
// 同步 ID: 0e6955dc @ Fri Aug  7 15:00:08 UTC 2026
// 同步 ID: 26b195d4 @ Fri Aug  7 17:53:16 UTC 2026
